
        This content will be written to the file.
        Multiple lines are supported.
    